Archive member included to satisfy reference by file (symbol)

c:/st/stm32cubeide_1.4.0/stm32cubeide/plugins/com.st.stm32cube.ide.mcu.externaltools.gnu-tools-for-stm32.7-2018-q2-update.win32_1.4.0.202007081208/tools/bin/../lib/gcc/arm-none-eabi/7.3.1/../../../../arm-none-eabi/lib/thumb/v7e-m/fpv4-sp/hard\libc_nano.a(lib_a-errno.o)
                              Src/syscalls.o (__errno)
c:/st/stm32cubeide_1.4.0/stm32cubeide/plugins/com.st.stm32cube.ide.mcu.externaltools.gnu-tools-for-stm32.7-2018-q2-update.win32_1.4.0.202007081208/tools/bin/../lib/gcc/arm-none-eabi/7.3.1/../../../../arm-none-eabi/lib/thumb/v7e-m/fpv4-sp/hard\libc_nano.a(lib_a-exit.o)
                              c:/st/stm32cubeide_1.4.0/stm32cubeide/plugins/com.st.stm32cube.ide.mcu.externaltools.gnu-tools-for-stm32.7-2018-q2-update.win32_1.4.0.202007081208/tools/bin/../lib/gcc/arm-none-eabi/7.3.1/../../../../arm-none-eabi/lib/thumb/v7e-m/fpv4-sp/hard/crt0.o (exit)
c:/st/stm32cubeide_1.4.0/stm32cubeide/plugins/com.st.stm32cube.ide.mcu.externaltools.gnu-tools-for-stm32.7-2018-q2-update.win32_1.4.0.202007081208/tools/bin/../lib/gcc/arm-none-eabi/7.3.1/../../../../arm-none-eabi/lib/thumb/v7e-m/fpv4-sp/hard\libc_nano.a(lib_a-impure.o)
                              c:/st/stm32cubeide_1.4.0/stm32cubeide/plugins/com.st.stm32cube.ide.mcu.externaltools.gnu-tools-for-stm32.7-2018-q2-update.win32_1.4.0.202007081208/tools/bin/../lib/gcc/arm-none-eabi/7.3.1/../../../../arm-none-eabi/lib/thumb/v7e-m/fpv4-sp/hard\libc_nano.a(lib_a-exit.o) (_global_impure_ptr)
c:/st/stm32cubeide_1.4.0/stm32cubeide/plugins/com.st.stm32cube.ide.mcu.externaltools.gnu-tools-for-stm32.7-2018-q2-update.win32_1.4.0.202007081208/tools/bin/../lib/gcc/arm-none-eabi/7.3.1/../../../../arm-none-eabi/lib/thumb/v7e-m/fpv4-sp/hard\libc_nano.a(lib_a-init.o)
                              c:/st/stm32cubeide_1.4.0/stm32cubeide/plugins/com.st.stm32cube.ide.mcu.externaltools.gnu-tools-for-stm32.7-2018-q2-update.win32_1.4.0.202007081208/tools/bin/../lib/gcc/arm-none-eabi/7.3.1/../../../../arm-none-eabi/lib/thumb/v7e-m/fpv4-sp/hard/crt0.o (__libc_init_array)
c:/st/stm32cubeide_1.4.0/stm32cubeide/plugins/com.st.stm32cube.ide.mcu.externaltools.gnu-tools-for-stm32.7-2018-q2-update.win32_1.4.0.202007081208/tools/bin/../lib/gcc/arm-none-eabi/7.3.1/../../../../arm-none-eabi/lib/thumb/v7e-m/fpv4-sp/hard\libc_nano.a(lib_a-memset.o)
                              c:/st/stm32cubeide_1.4.0/stm32cubeide/plugins/com.st.stm32cube.ide.mcu.externaltools.gnu-tools-for-stm32.7-2018-q2-update.win32_1.4.0.202007081208/tools/bin/../lib/gcc/arm-none-eabi/7.3.1/../../../../arm-none-eabi/lib/thumb/v7e-m/fpv4-sp/hard/crt0.o (memset)

Allocating common symbols
Common symbol       size              file

Timing              0x8               Src/OS/RTOS_Program.o
Global_uint8GroupModeSelection
                    0x1               Src/MCAL/NVIC/NVIC_Program.o

Discarded input sections

 .text          0x0000000000000000        0x0 c:/st/stm32cubeide_1.4.0/stm32cubeide/plugins/com.st.stm32cube.ide.mcu.externaltools.gnu-tools-for-stm32.7-2018-q2-update.win32_1.4.0.202007081208/tools/bin/../lib/gcc/arm-none-eabi/7.3.1/thumb/v7e-m/fpv4-sp/hard/crti.o
 .data          0x0000000000000000        0x0 c:/st/stm32cubeide_1.4.0/stm32cubeide/plugins/com.st.stm32cube.ide.mcu.externaltools.gnu-tools-for-stm32.7-2018-q2-update.win32_1.4.0.202007081208/tools/bin/../lib/gcc/arm-none-eabi/7.3.1/thumb/v7e-m/fpv4-sp/hard/crti.o
 .bss           0x0000000000000000        0x0 c:/st/stm32cubeide_1.4.0/stm32cubeide/plugins/com.st.stm32cube.ide.mcu.externaltools.gnu-tools-for-stm32.7-2018-q2-update.win32_1.4.0.202007081208/tools/bin/../lib/gcc/arm-none-eabi/7.3.1/thumb/v7e-m/fpv4-sp/hard/crti.o
 .data          0x0000000000000000        0x4 c:/st/stm32cubeide_1.4.0/stm32cubeide/plugins/com.st.stm32cube.ide.mcu.externaltools.gnu-tools-for-stm32.7-2018-q2-update.win32_1.4.0.202007081208/tools/bin/../lib/gcc/arm-none-eabi/7.3.1/thumb/v7e-m/fpv4-sp/hard/crtbegin.o
 .text          0x0000000000000000       0x74 c:/st/stm32cubeide_1.4.0/stm32cubeide/plugins/com.st.stm32cube.ide.mcu.externaltools.gnu-tools-for-stm32.7-2018-q2-update.win32_1.4.0.202007081208/tools/bin/../lib/gcc/arm-none-eabi/7.3.1/../../../../arm-none-eabi/lib/thumb/v7e-m/fpv4-sp/hard/crt0.o
 .data          0x0000000000000000        0x0 c:/st/stm32cubeide_1.4.0/stm32cubeide/plugins/com.st.stm32cube.ide.mcu.externaltools.gnu-tools-for-stm32.7-2018-q2-update.win32_1.4.0.202007081208/tools/bin/../lib/gcc/arm-none-eabi/7.3.1/../../../../arm-none-eabi/lib/thumb/v7e-m/fpv4-sp/hard/crt0.o
 .bss           0x0000000000000000        0x0 c:/st/stm32cubeide_1.4.0/stm32cubeide/plugins/com.st.stm32cube.ide.mcu.externaltools.gnu-tools-for-stm32.7-2018-q2-update.win32_1.4.0.202007081208/tools/bin/../lib/gcc/arm-none-eabi/7.3.1/../../../../arm-none-eabi/lib/thumb/v7e-m/fpv4-sp/hard/crt0.o
 .ARM.extab     0x0000000000000000        0x0 c:/st/stm32cubeide_1.4.0/stm32cubeide/plugins/com.st.stm32cube.ide.mcu.externaltools.gnu-tools-for-stm32.7-2018-q2-update.win32_1.4.0.202007081208/tools/bin/../lib/gcc/arm-none-eabi/7.3.1/../../../../arm-none-eabi/lib/thumb/v7e-m/fpv4-sp/hard/crt0.o
 .ARM.exidx     0x0000000000000000        0x8 c:/st/stm32cubeide_1.4.0/stm32cubeide/plugins/com.st.stm32cube.ide.mcu.externaltools.gnu-tools-for-stm32.7-2018-q2-update.win32_1.4.0.202007081208/tools/bin/../lib/gcc/arm-none-eabi/7.3.1/../../../../arm-none-eabi/lib/thumb/v7e-m/fpv4-sp/hard/crt0.o
 .ARM.attributes
                0x0000000000000000       0x20 c:/st/stm32cubeide_1.4.0/stm32cubeide/plugins/com.st.stm32cube.ide.mcu.externaltools.gnu-tools-for-stm32.7-2018-q2-update.win32_1.4.0.202007081208/tools/bin/../lib/gcc/arm-none-eabi/7.3.1/../../../../arm-none-eabi/lib/thumb/v7e-m/fpv4-sp/hard/crt0.o
 .group         0x0000000000000000        0xc Src/HAL/KEYPAD/KEYPAD.o
 .group         0x0000000000000000        0xc Src/HAL/KEYPAD/KEYPAD.o
 .group         0x0000000000000000        0xc Src/HAL/KEYPAD/KEYPAD.o
 .group         0x0000000000000000        0xc Src/HAL/KEYPAD/KEYPAD.o
 .group         0x0000000000000000        0xc Src/HAL/KEYPAD/KEYPAD.o
 .group         0x0000000000000000        0xc Src/HAL/KEYPAD/KEYPAD.o
 .text          0x0000000000000000        0x0 Src/HAL/KEYPAD/KEYPAD.o
 .data          0x0000000000000000        0x0 Src/HAL/KEYPAD/KEYPAD.o
 .bss           0x0000000000000000        0x0 Src/HAL/KEYPAD/KEYPAD.o
 .group         0x0000000000000000        0xc Src/HAL/LCD/LCD.o
 .group         0x0000000000000000        0xc Src/HAL/LCD/LCD.o
 .group         0x0000000000000000        0xc Src/HAL/LCD/LCD.o
 .group         0x0000000000000000        0xc Src/HAL/LCD/LCD.o
 .group         0x0000000000000000        0xc Src/HAL/LCD/LCD.o
 .group         0x0000000000000000        0xc Src/HAL/LCD/LCD.o
 .text          0x0000000000000000        0x0 Src/HAL/LCD/LCD.o
 .data          0x0000000000000000        0x0 Src/HAL/LCD/LCD.o
 .bss           0x0000000000000000        0x0 Src/HAL/LCD/LCD.o
 .text.HAL_LCD_Display_String
                0x0000000000000000       0x36 Src/HAL/LCD/LCD.o
 .text.HAL_LCD_GoToXY
                0x0000000000000000       0x4a Src/HAL/LCD/LCD.o
 .debug_macro   0x0000000000000000      0xa60 Src/HAL/LCD/LCD.o
 .debug_macro   0x0000000000000000       0x10 Src/HAL/LCD/LCD.o
 .debug_macro   0x0000000000000000       0x3a Src/HAL/LCD/LCD.o
 .debug_macro   0x0000000000000000       0x2e Src/HAL/LCD/LCD.o
 .debug_macro   0x0000000000000000      0x11e Src/HAL/LCD/LCD.o
 .group         0x0000000000000000        0xc Src/MCAL/EXTI/EXTI_Program.o
 .group         0x0000000000000000        0xc Src/MCAL/EXTI/EXTI_Program.o
 .group         0x0000000000000000        0xc Src/MCAL/EXTI/EXTI_Program.o
 .group         0x0000000000000000        0xc Src/MCAL/EXTI/EXTI_Program.o
 .text          0x0000000000000000        0x0 Src/MCAL/EXTI/EXTI_Program.o
 .data          0x0000000000000000        0x0 Src/MCAL/EXTI/EXTI_Program.o
 .bss           0x0000000000000000        0x0 Src/MCAL/EXTI/EXTI_Program.o
 .text.MCAL_EXTI_Enable
                0x0000000000000000      0x164 Src/MCAL/EXTI/EXTI_Program.o
 .text.MCAL_EXTI_Disable
                0x0000000000000000       0x34 Src/MCAL/EXTI/EXTI_Program.o
 .debug_macro   0x0000000000000000      0xa60 Src/MCAL/EXTI/EXTI_Program.o
 .debug_macro   0x0000000000000000       0x3a Src/MCAL/EXTI/EXTI_Program.o
 .debug_macro   0x0000000000000000       0x10 Src/MCAL/EXTI/EXTI_Program.o
 .group         0x0000000000000000        0xc Src/MCAL/FMI/FMI_Prog.o
 .group         0x0000000000000000        0xc Src/MCAL/FMI/FMI_Prog.o
 .group         0x0000000000000000        0xc Src/MCAL/FMI/FMI_Prog.o
 .group         0x0000000000000000        0xc Src/MCAL/FMI/FMI_Prog.o
 .group         0x0000000000000000        0xc Src/MCAL/FMI/FMI_Prog.o
 .text          0x0000000000000000        0x0 Src/MCAL/FMI/FMI_Prog.o
 .data          0x0000000000000000        0x0 Src/MCAL/FMI/FMI_Prog.o
 .bss           0x0000000000000000        0x0 Src/MCAL/FMI/FMI_Prog.o
 .text.FMI_vUnclockFlash
                0x0000000000000000       0x28 Src/MCAL/FMI/FMI_Prog.o
 .text.FMI_vWaitBSY
                0x0000000000000000       0x24 Src/MCAL/FMI/FMI_Prog.o
 .text.MCALFMI_vMassErase
                0x0000000000000000       0x28 Src/MCAL/FMI/FMI_Prog.o
 .text.MCALFMI_vSectorErase
                0x0000000000000000       0x7c Src/MCAL/FMI/FMI_Prog.o
 .text.MCALFMI_vFlashWrite
                0x0000000000000000       0x98 Src/MCAL/FMI/FMI_Prog.o
 .debug_info    0x0000000000000000      0x201 Src/MCAL/FMI/FMI_Prog.o
 .debug_abbrev  0x0000000000000000       0xd7 Src/MCAL/FMI/FMI_Prog.o
 .debug_aranges
                0x0000000000000000       0x40 Src/MCAL/FMI/FMI_Prog.o
 .debug_ranges  0x0000000000000000       0x30 Src/MCAL/FMI/FMI_Prog.o
 .debug_macro   0x0000000000000000       0x3f Src/MCAL/FMI/FMI_Prog.o
 .debug_macro   0x0000000000000000      0xa60 Src/MCAL/FMI/FMI_Prog.o
 .debug_macro   0x0000000000000000       0x3a Src/MCAL/FMI/FMI_Prog.o
 .debug_macro   0x0000000000000000       0x10 Src/MCAL/FMI/FMI_Prog.o
 .debug_macro   0x0000000000000000       0x4c Src/MCAL/FMI/FMI_Prog.o
 .debug_macro   0x0000000000000000       0x10 Src/MCAL/FMI/FMI_Prog.o
 .debug_line    0x0000000000000000      0x143 Src/MCAL/FMI/FMI_Prog.o
 .debug_str     0x0000000000000000     0x30f7 Src/MCAL/FMI/FMI_Prog.o
 .comment       0x0000000000000000       0x7c Src/MCAL/FMI/FMI_Prog.o
 .debug_frame   0x0000000000000000       0xbc Src/MCAL/FMI/FMI_Prog.o
 .ARM.attributes
                0x0000000000000000       0x39 Src/MCAL/FMI/FMI_Prog.o
 .group         0x0000000000000000        0xc Src/MCAL/GPIO/GPIO_Porgran.o
 .group         0x0000000000000000        0xc Src/MCAL/GPIO/GPIO_Porgran.o
 .group         0x0000000000000000        0xc Src/MCAL/GPIO/GPIO_Porgran.o
 .group         0x0000000000000000        0xc Src/MCAL/GPIO/GPIO_Porgran.o
 .group         0x0000000000000000        0xc Src/MCAL/GPIO/GPIO_Porgran.o
 .text          0x0000000000000000        0x0 Src/MCAL/GPIO/GPIO_Porgran.o
 .data          0x0000000000000000        0x0 Src/MCAL/GPIO/GPIO_Porgran.o
 .bss           0x0000000000000000        0x0 Src/MCAL/GPIO/GPIO_Porgran.o
 .text.MCAL_GPIOx_Port_Write
                0x0000000000000000       0x1e Src/MCAL/GPIO/GPIO_Porgran.o
 .text.MCAL_GPIOx_Pin_Toggle
                0x0000000000000000       0x2a Src/MCAL/GPIO/GPIO_Porgran.o
 .debug_macro   0x0000000000000000      0xa60 Src/MCAL/GPIO/GPIO_Porgran.o
 .debug_macro   0x0000000000000000       0x3a Src/MCAL/GPIO/GPIO_Porgran.o
 .debug_macro   0x0000000000000000       0x10 Src/MCAL/GPIO/GPIO_Porgran.o
 .debug_macro   0x0000000000000000       0x2e Src/MCAL/GPIO/GPIO_Porgran.o
 .debug_macro   0x0000000000000000      0x11e Src/MCAL/GPIO/GPIO_Porgran.o
 .group         0x0000000000000000        0xc Src/MCAL/NVIC/NVIC_Program.o
 .group         0x0000000000000000        0xc Src/MCAL/NVIC/NVIC_Program.o
 .group         0x0000000000000000        0xc Src/MCAL/NVIC/NVIC_Program.o
 .group         0x0000000000000000        0xc Src/MCAL/NVIC/NVIC_Program.o
 .text          0x0000000000000000        0x0 Src/MCAL/NVIC/NVIC_Program.o
 .data          0x0000000000000000        0x0 Src/MCAL/NVIC/NVIC_Program.o
 .bss           0x0000000000000000        0x0 Src/MCAL/NVIC/NVIC_Program.o
 .text.MCAL_NVIC_EnIRQ
                0x0000000000000000       0xa0 Src/MCAL/NVIC/NVIC_Program.o
 .text.MCAL_NVIC_DisIRQ
                0x0000000000000000       0xa4 Src/MCAL/NVIC/NVIC_Program.o
 .text.MCAL_NVIC_Set_Pending
                0x0000000000000000       0xa4 Src/MCAL/NVIC/NVIC_Program.o
 .text.MCAL_NVIC_Clr_Pending
                0x0000000000000000       0xa4 Src/MCAL/NVIC/NVIC_Program.o
 .text.MCAL_NVIC_Is_Active
                0x0000000000000000       0xa4 Src/MCAL/NVIC/NVIC_Program.o
 .text.MCAL_NVIC_Set_GroupMode
                0x0000000000000000       0x48 Src/MCAL/NVIC/NVIC_Program.o
 .text.MCAL_NVIC_Set_InterruptPriority
                0x0000000000000000      0x190 Src/MCAL/NVIC/NVIC_Program.o
 .debug_info    0x0000000000000000      0x69b Src/MCAL/NVIC/NVIC_Program.o
 .debug_abbrev  0x0000000000000000      0x118 Src/MCAL/NVIC/NVIC_Program.o
 .debug_aranges
                0x0000000000000000       0x50 Src/MCAL/NVIC/NVIC_Program.o
 .debug_ranges  0x0000000000000000       0x40 Src/MCAL/NVIC/NVIC_Program.o
 .debug_macro   0x0000000000000000       0x3c Src/MCAL/NVIC/NVIC_Program.o
 .debug_macro   0x0000000000000000      0xa60 Src/MCAL/NVIC/NVIC_Program.o
 .debug_macro   0x0000000000000000       0x10 Src/MCAL/NVIC/NVIC_Program.o
 .debug_macro   0x0000000000000000       0x28 Src/MCAL/NVIC/NVIC_Program.o
 .debug_macro   0x0000000000000000       0x3a Src/MCAL/NVIC/NVIC_Program.o
 .debug_line    0x0000000000000000      0x2dd Src/MCAL/NVIC/NVIC_Program.o
 .debug_str     0x0000000000000000     0x37d4 Src/MCAL/NVIC/NVIC_Program.o
 .comment       0x0000000000000000       0x7c Src/MCAL/NVIC/NVIC_Program.o
 .debug_frame   0x0000000000000000      0x128 Src/MCAL/NVIC/NVIC_Program.o
 .ARM.attributes
                0x0000000000000000       0x39 Src/MCAL/NVIC/NVIC_Program.o
 COMMON         0x0000000000000000        0x1 Src/MCAL/NVIC/NVIC_Program.o
 .group         0x0000000000000000        0xc Src/MCAL/RCC/RCC_Program.o
 .group         0x0000000000000000        0xc Src/MCAL/RCC/RCC_Program.o
 .group         0x0000000000000000        0xc Src/MCAL/RCC/RCC_Program.o
 .group         0x0000000000000000        0xc Src/MCAL/RCC/RCC_Program.o
 .group         0x0000000000000000        0xc Src/MCAL/RCC/RCC_Program.o
 .text          0x0000000000000000        0x0 Src/MCAL/RCC/RCC_Program.o
 .data          0x0000000000000000        0x0 Src/MCAL/RCC/RCC_Program.o
 .bss           0x0000000000000000        0x0 Src/MCAL/RCC/RCC_Program.o
 .text.MCAL_RCC_voidPeripheral_DIS
                0x0000000000000000       0x94 Src/MCAL/RCC/RCC_Program.o
 .debug_macro   0x0000000000000000      0xa60 Src/MCAL/RCC/RCC_Program.o
 .debug_macro   0x0000000000000000       0x10 Src/MCAL/RCC/RCC_Program.o
 .debug_macro   0x0000000000000000       0x3a Src/MCAL/RCC/RCC_Program.o
 .group         0x0000000000000000        0xc Src/MCAL/STK/STK_Program.o
 .group         0x0000000000000000        0xc Src/MCAL/STK/STK_Program.o
 .group         0x0000000000000000        0xc Src/MCAL/STK/STK_Program.o
 .group         0x0000000000000000        0xc Src/MCAL/STK/STK_Program.o
 .group         0x0000000000000000        0xc Src/MCAL/STK/STK_Program.o
 .text          0x0000000000000000        0x0 Src/MCAL/STK/STK_Program.o
 .data          0x0000000000000000        0x0 Src/MCAL/STK/STK_Program.o
 .bss           0x0000000000000000        0x0 Src/MCAL/STK/STK_Program.o
 .text.MCAL_SYSTK_voidSetPreload
                0x0000000000000000       0x30 Src/MCAL/STK/STK_Program.o
 .text.MCAL_STK_u32GetRemaining
                0x0000000000000000       0x18 Src/MCAL/STK/STK_Program.o
 .text.MCAL_STK_u32GetElapsed
                0x0000000000000000       0x1c Src/MCAL/STK/STK_Program.o
 .text.MCAL_STK_u8ReadFlag
                0x0000000000000000       0x20 Src/MCAL/STK/STK_Program.o
 .text.MCAL_STK_voidDelayUsec
                0x0000000000000000       0x44 Src/MCAL/STK/STK_Program.o
 .text.MCAL_STK_voidDelayMsec
                0x0000000000000000       0x48 Src/MCAL/STK/STK_Program.o
 .text.MCAL_STK_voidCallBack
                0x0000000000000000       0x20 Src/MCAL/STK/STK_Program.o
 .text.MSTK_vSetInterval_periodic
                0x0000000000000000       0x3c Src/MCAL/STK/STK_Program.o
 .debug_macro   0x0000000000000000      0xa60 Src/MCAL/STK/STK_Program.o
 .debug_macro   0x0000000000000000       0x10 Src/MCAL/STK/STK_Program.o
 .debug_macro   0x0000000000000000       0x3a Src/MCAL/STK/STK_Program.o
 .group         0x0000000000000000        0xc Src/OS/RTOS_Program.o
 .group         0x0000000000000000        0xc Src/OS/RTOS_Program.o
 .group         0x0000000000000000        0xc Src/OS/RTOS_Program.o
 .group         0x0000000000000000        0xc Src/OS/RTOS_Program.o
 .text          0x0000000000000000        0x0 Src/OS/RTOS_Program.o
 .data          0x0000000000000000        0x0 Src/OS/RTOS_Program.o
 .bss           0x0000000000000000        0x0 Src/OS/RTOS_Program.o
 .bss.SystemTasks
                0x0000000000000000       0x40 Src/OS/RTOS_Program.o
 .bss.Empty     0x0000000000000000        0x8 Src/OS/RTOS_Program.o
 .text.RTOS_uint8_tCreateTask
                0x0000000000000000       0x7c Src/OS/RTOS_Program.o
 .text.scheduler
                0x0000000000000000       0x7c Src/OS/RTOS_Program.o
 .text.RTos_DeleteTask
                0x0000000000000000       0x4c Src/OS/RTOS_Program.o
 .text.Rtos_Suspend
                0x0000000000000000       0x40 Src/OS/RTOS_Program.o
 .text.Rtos_ResumeTask
                0x0000000000000000       0x40 Src/OS/RTOS_Program.o
 .text.Start_OS
                0x0000000000000000       0x14 Src/OS/RTOS_Program.o
 .debug_info    0x0000000000000000      0x27c Src/OS/RTOS_Program.o
 .debug_abbrev  0x0000000000000000      0x129 Src/OS/RTOS_Program.o
 .debug_aranges
                0x0000000000000000       0x48 Src/OS/RTOS_Program.o
 .debug_ranges  0x0000000000000000       0x38 Src/OS/RTOS_Program.o
 .debug_macro   0x0000000000000000       0x58 Src/OS/RTOS_Program.o
 .debug_macro   0x0000000000000000      0xa60 Src/OS/RTOS_Program.o
 .debug_macro   0x0000000000000000       0x10 Src/OS/RTOS_Program.o
 .debug_macro   0x0000000000000000       0x3a Src/OS/RTOS_Program.o
 .debug_macro   0x0000000000000000       0x16 Src/OS/RTOS_Program.o
 .debug_line    0x0000000000000000      0x19d Src/OS/RTOS_Program.o
 .debug_str     0x0000000000000000     0x3040 Src/OS/RTOS_Program.o
 .comment       0x0000000000000000       0x7c Src/OS/RTOS_Program.o
 .debug_frame   0x0000000000000000       0xf0 Src/OS/RTOS_Program.o
 .ARM.attributes
                0x0000000000000000       0x39 Src/OS/RTOS_Program.o
 COMMON         0x0000000000000000        0x8 Src/OS/RTOS_Program.o
 .group         0x0000000000000000        0xc Src/main.o
 .group         0x0000000000000000        0xc Src/main.o
 .group         0x0000000000000000        0xc Src/main.o
 .group         0x0000000000000000        0xc Src/main.o
 .group         0x0000000000000000        0xc Src/main.o
 .group         0x0000000000000000        0xc Src/main.o
 .group         0x0000000000000000        0xc Src/main.o
 .group         0x0000000000000000        0xc Src/main.o
 .group         0x0000000000000000        0xc Src/main.o
 .text          0x0000000000000000        0x0 Src/main.o
 .data          0x0000000000000000        0x0 Src/main.o
 .bss           0x0000000000000000        0x0 Src/main.o
 .text.TASK1    0x0000000000000000       0x14 Src/main.o
 .text.TASK2    0x0000000000000000       0x14 Src/main.o
 .text.TASK3    0x0000000000000000       0x14 Src/main.o
 .text.TASK4    0x0000000000000000       0x14 Src/main.o
 .debug_macro   0x0000000000000000      0xa60 Src/main.o
 .debug_macro   0x0000000000000000       0x10 Src/main.o
 .debug_macro   0x0000000000000000       0x2e Src/main.o
 .debug_macro   0x0000000000000000      0x11e Src/main.o
 .debug_macro   0x0000000000000000       0x3a Src/main.o
 .debug_macro   0x0000000000000000       0x94 Src/main.o
 .debug_macro   0x0000000000000000       0x34 Src/main.o
 .group         0x0000000000000000        0xc Src/syscalls.o
 .group         0x0000000000000000        0xc Src/syscalls.o
 .group         0x0000000000000000        0xc Src/syscalls.o
 .group         0x0000000000000000        0xc Src/syscalls.o
 .group         0x0000000000000000        0xc Src/syscalls.o
 .group         0x0000000000000000        0xc Src/syscalls.o
 .group         0x0000000000000000        0xc Src/syscalls.o
 .group         0x0000000000000000        0xc Src/syscalls.o
 .group         0x0000000000000000        0xc Src/syscalls.o
 .group         0x0000000000000000        0xc Src/syscalls.o
 .group         0x0000000000000000        0xc Src/syscalls.o
 .group         0x0000000000000000        0xc Src/syscalls.o
 .group         0x0000000000000000        0xc Src/syscalls.o
 .group         0x0000000000000000        0xc Src/syscalls.o
 .group         0x0000000000000000        0xc Src/syscalls.o
 .group         0x0000000000000000        0xc Src/syscalls.o
 .group         0x0000000000000000        0xc Src/syscalls.o
 .group         0x0000000000000000        0xc Src/syscalls.o
 .group         0x0000000000000000        0xc Src/syscalls.o
 .group         0x0000000000000000        0xc Src/syscalls.o
 .group         0x0000000000000000        0xc Src/syscalls.o
 .group         0x0000000000000000        0xc Src/syscalls.o
 .group         0x0000000000000000        0xc Src/syscalls.o
 .group         0x0000000000000000        0xc Src/syscalls.o
 .group         0x0000000000000000        0xc Src/syscalls.o
 .group         0x0000000000000000        0xc Src/syscalls.o
 .group         0x0000000000000000        0xc Src/syscalls.o
 .group         0x0000000000000000        0xc Src/syscalls.o
 .group         0x0000000000000000        0xc Src/syscalls.o
 .group         0x0000000000000000        0xc Src/syscalls.o
 .group         0x0000000000000000        0xc Src/syscalls.o
 .group         0x0000000000000000        0xc Src/syscalls.o
 .group         0x0000000000000000        0xc Src/syscalls.o
 .group         0x0000000000000000        0xc Src/syscalls.o
 .group         0x0000000000000000        0xc Src/syscalls.o
 .group         0x0000000000000000        0xc Src/syscalls.o
 .group         0x0000000000000000        0xc Src/syscalls.o
 .group         0x0000000000000000        0xc Src/syscalls.o
 .group         0x0000000000000000        0xc Src/syscalls.o
 .group         0x0000000000000000        0xc Src/syscalls.o
 .group         0x0000000000000000        0xc Src/syscalls.o
 .group         0x0000000000000000        0xc Src/syscalls.o
 .group         0x0000000000000000        0xc Src/syscalls.o
 .group         0x0000000000000000        0xc Src/syscalls.o
 .text          0x0000000000000000        0x0 Src/syscalls.o
 .data          0x0000000000000000        0x0 Src/syscalls.o
 .bss           0x0000000000000000        0x0 Src/syscalls.o
 .bss.__env     0x0000000000000000        0x4 Src/syscalls.o
 .data.environ  0x0000000000000000        0x4 Src/syscalls.o
 .text.initialise_monitor_handles
                0x0000000000000000        0xe Src/syscalls.o
 .text._getpid  0x0000000000000000       0x10 Src/syscalls.o
 .text._kill    0x0000000000000000       0x20 Src/syscalls.o
 .text._exit    0x0000000000000000       0x14 Src/syscalls.o
 .text._read    0x0000000000000000       0x3a Src/syscalls.o
 .text._write   0x0000000000000000       0x38 Src/syscalls.o
 .text._close   0x0000000000000000       0x18 Src/syscalls.o
 .text._fstat   0x0000000000000000       0x20 Src/syscalls.o
 .text._isatty  0x0000000000000000       0x16 Src/syscalls.o
 .text._lseek   0x0000000000000000       0x1a Src/syscalls.o
 .text._open    0x0000000000000000       0x1c Src/syscalls.o
 .text._wait    0x0000000000000000       0x1e Src/syscalls.o
 .text._unlink  0x0000000000000000       0x1e Src/syscalls.o
 .text._times   0x0000000000000000       0x18 Src/syscalls.o
 .text._stat    0x0000000000000000       0x20 Src/syscalls.o
 .text._link    0x0000000000000000       0x20 Src/syscalls.o
 .text._fork    0x0000000000000000       0x16 Src/syscalls.o
 .text._execve  0x0000000000000000       0x22 Src/syscalls.o
 .debug_info    0x0000000000000000      0xebd Src/syscalls.o
 .debug_abbrev  0x0000000000000000      0x261 Src/syscalls.o
 .debug_aranges
                0x0000000000000000       0xa8 Src/syscalls.o
 .debug_ranges  0x0000000000000000       0x98 Src/syscalls.o
 .debug_macro   0x0000000000000000      0x243 Src/syscalls.o
 .debug_macro   0x0000000000000000      0xa60 Src/syscalls.o
 .debug_macro   0x0000000000000000       0x22 Src/syscalls.o
 .debug_macro   0x0000000000000000       0x40 Src/syscalls.o
 .debug_macro   0x0000000000000000       0x18 Src/syscalls.o
 .debug_macro   0x0000000000000000       0x94 Src/syscalls.o
 .debug_macro   0x0000000000000000       0x3c Src/syscalls.o
 .debug_macro   0x0000000000000000       0x34 Src/syscalls.o
 .debug_macro   0x0000000000000000       0x57 Src/syscalls.o
 .debug_macro   0x0000000000000000      0x174 Src/syscalls.o
 .debug_macro   0x0000000000000000      0x330 Src/syscalls.o
 .debug_macro   0x0000000000000000       0x52 Src/syscalls.o
 .debug_macro   0x0000000000000000       0x1f Src/syscalls.o
 .debug_macro   0x0000000000000000       0x43 Src/syscalls.o
 .debug_macro   0x0000000000000000       0x20 Src/syscalls.o
 .debug_macro   0x0000000000000000      0x1a3 Src/syscalls.o
 .debug_macro   0x0000000000000000       0x10 Src/syscalls.o
 .debug_macro   0x0000000000000000       0x35 Src/syscalls.o
 .debug_macro   0x0000000000000000       0x10 Src/syscalls.o
 .debug_macro   0x0000000000000000       0x10 Src/syscalls.o
 .debug_macro   0x0000000000000000       0x10 Src/syscalls.o
 .debug_macro   0x0000000000000000       0x6a Src/syscalls.o
 .debug_macro   0x0000000000000000       0x1c Src/syscalls.o
 .debug_macro   0x0000000000000000       0x52 Src/syscalls.o
 .debug_macro   0x0000000000000000       0x40 Src/syscalls.o
 .debug_macro   0x0000000000000000       0x10 Src/syscalls.o
 .debug_macro   0x0000000000000000       0x40 Src/syscalls.o
 .debug_macro   0x0000000000000000       0xd7 Src/syscalls.o
 .debug_macro   0x0000000000000000       0x1c Src/syscalls.o
 .debug_macro   0x0000000000000000       0x3d Src/syscalls.o
 .debug_macro   0x0000000000000000       0x35 Src/syscalls.o
 .debug_macro   0x0000000000000000      0x122 Src/syscalls.o
 .debug_macro   0x0000000000000000       0x16 Src/syscalls.o
 .debug_macro   0x0000000000000000       0x16 Src/syscalls.o
 .debug_macro   0x0000000000000000       0x29 Src/syscalls.o
 .debug_macro   0x0000000000000000       0x10 Src/syscalls.o
 .debug_macro   0x0000000000000000      0x241 Src/syscalls.o
 .debug_macro   0x0000000000000000       0x1c Src/syscalls.o
 .debug_macro   0x0000000000000000       0x10 Src/syscalls.o
 .debug_macro   0x0000000000000000       0x10 Src/syscalls.o
 .debug_macro   0x0000000000000000       0x16 Src/syscalls.o
 .debug_macro   0x0000000000000000      0x145 Src/syscalls.o
 .debug_macro   0x0000000000000000      0x189 Src/syscalls.o
 .debug_macro   0x0000000000000000       0x16 Src/syscalls.o
 .debug_macro   0x0000000000000000       0x88 Src/syscalls.o
 .debug_line    0x0000000000000000      0x739 Src/syscalls.o
 .debug_str     0x0000000000000000     0x8897 Src/syscalls.o
 .comment       0x0000000000000000       0x7c Src/syscalls.o
 .debug_frame   0x0000000000000000      0x2ac Src/syscalls.o
 .ARM.attributes
                0x0000000000000000       0x39 Src/syscalls.o
 .group         0x0000000000000000        0xc Src/sysmem.o
 .group         0x0000000000000000        0xc Src/sysmem.o
 .group         0x0000000000000000        0xc Src/sysmem.o
 .group         0x0000000000000000        0xc Src/sysmem.o
 .group         0x0000000000000000        0xc Src/sysmem.o
 .group         0x0000000000000000        0xc Src/sysmem.o
 .group         0x0000000000000000        0xc Src/sysmem.o
 .group         0x0000000000000000        0xc Src/sysmem.o
 .group         0x0000000000000000        0xc Src/sysmem.o
 .group         0x0000000000000000        0xc Src/sysmem.o
 .group         0x0000000000000000        0xc Src/sysmem.o
 .group         0x0000000000000000        0xc Src/sysmem.o
 .group         0x0000000000000000        0xc Src/sysmem.o
 .group         0x0000000000000000        0xc Src/sysmem.o
 .group         0x0000000000000000        0xc Src/sysmem.o
 .group         0x0000000000000000        0xc Src/sysmem.o
 .group         0x0000000000000000        0xc Src/sysmem.o
 .group         0x0000000000000000        0xc Src/sysmem.o
 .group         0x0000000000000000        0xc Src/sysmem.o
 .text          0x0000000000000000        0x0 Src/sysmem.o
 .data          0x0000000000000000        0x0 Src/sysmem.o
 .bss           0x0000000000000000        0x0 Src/sysmem.o
 .bss.__sbrk_heap_end
                0x0000000000000000        0x4 Src/sysmem.o
 .text._sbrk    0x0000000000000000       0x6c Src/sysmem.o
 .debug_info    0x0000000000000000      0x985 Src/sysmem.o
 .debug_abbrev  0x0000000000000000      0x19b Src/sysmem.o
 .debug_aranges
                0x0000000000000000       0x20 Src/sysmem.o
 .debug_ranges  0x0000000000000000       0x10 Src/sysmem.o
 .debug_macro   0x0000000000000000       0xee Src/sysmem.o
 .debug_macro   0x0000000000000000      0xa60 Src/sysmem.o
 .debug_macro   0x0000000000000000       0x10 Src/sysmem.o
 .debug_macro   0x0000000000000000       0x22 Src/sysmem.o
 .debug_macro   0x0000000000000000       0x40 Src/sysmem.o
 .debug_macro   0x0000000000000000       0x18 Src/sysmem.o
 .debug_macro   0x0000000000000000       0x94 Src/sysmem.o
 .debug_macro   0x0000000000000000       0x3c Src/sysmem.o
 .debug_macro   0x0000000000000000       0x34 Src/sysmem.o
 .debug_macro   0x0000000000000000      0x174 Src/sysmem.o
 .debug_macro   0x0000000000000000       0x57 Src/sysmem.o
 .debug_macro   0x0000000000000000       0x52 Src/sysmem.o
 .debug_macro   0x0000000000000000       0x1f Src/sysmem.o
 .debug_macro   0x0000000000000000       0x43 Src/sysmem.o
 .debug_macro   0x0000000000000000       0x20 Src/sysmem.o
 .debug_macro   0x0000000000000000      0x1a3 Src/sysmem.o
 .debug_macro   0x0000000000000000      0x23b Src/sysmem.o
 .debug_macro   0x0000000000000000       0xef Src/sysmem.o
 .debug_macro   0x0000000000000000       0x6a Src/sysmem.o
 .debug_macro   0x0000000000000000      0x1df Src/sysmem.o
 .debug_line    0x0000000000000000      0x4c2 Src/sysmem.o
 .debug_str     0x0000000000000000     0x5f65 Src/sysmem.o
 .comment       0x0000000000000000       0x7c Src/sysmem.o
 .debug_frame   0x0000000000000000       0x34 Src/sysmem.o
 .ARM.attributes
                0x0000000000000000       0x39 Src/sysmem.o
 .text          0x0000000000000000       0x14 Startup/startup_stm32f401ccfx.o
 .data          0x0000000000000000        0x0 Startup/startup_stm32f401ccfx.o
 .bss           0x0000000000000000        0x0 Startup/startup_stm32f401ccfx.o
 .text          0x0000000000000000        0x0 c:/st/stm32cubeide_1.4.0/stm32cubeide/plugins/com.st.stm32cube.ide.mcu.externaltools.gnu-tools-for-stm32.7-2018-q2-update.win32_1.4.0.202007081208/tools/bin/../lib/gcc/arm-none-eabi/7.3.1/../../../../arm-none-eabi/lib/thumb/v7e-m/fpv4-sp/hard\libc_nano.a(lib_a-errno.o)
 .data          0x0000000000000000        0x0 c:/st/stm32cubeide_1.4.0/stm32cubeide/plugins/com.st.stm32cube.ide.mcu.externaltools.gnu-tools-for-stm32.7-2018-q2-update.win32_1.4.0.202007081208/tools/bin/../lib/gcc/arm-none-eabi/7.3.1/../../../../arm-none-eabi/lib/thumb/v7e-m/fpv4-sp/hard\libc_nano.a(lib_a-errno.o)
 .bss           0x0000000000000000        0x0 c:/st/stm32cubeide_1.4.0/stm32cubeide/plugins/com.st.stm32cube.ide.mcu.externaltools.gnu-tools-for-stm32.7-2018-q2-update.win32_1.4.0.202007081208/tools/bin/../lib/gcc/arm-none-eabi/7.3.1/../../../../arm-none-eabi/lib/thumb/v7e-m/fpv4-sp/hard\libc_nano.a(lib_a-errno.o)
 .text.__errno  0x0000000000000000        0xc c:/st/stm32cubeide_1.4.0/stm32cubeide/plugins/com.st.stm32cube.ide.mcu.externaltools.gnu-tools-for-stm32.7-2018-q2-update.win32_1.4.0.202007081208/tools/bin/../lib/gcc/arm-none-eabi/7.3.1/../../../../arm-none-eabi/lib/thumb/v7e-m/fpv4-sp/hard\libc_nano.a(lib_a-errno.o)
 .debug_frame   0x0000000000000000       0x20 c:/st/stm32cubeide_1.4.0/stm32cubeide/plugins/com.st.stm32cube.ide.mcu.externaltools.gnu-tools-for-stm32.7-2018-q2-update.win32_1.4.0.202007081208/tools/bin/../lib/gcc/arm-none-eabi/7.3.1/../../../../arm-none-eabi/lib/thumb/v7e-m/fpv4-sp/hard\libc_nano.a(lib_a-errno.o)
 .ARM.attributes
                0x0000000000000000       0x34 c:/st/stm32cubeide_1.4.0/stm32cubeide/plugins/com.st.stm32cube.ide.mcu.externaltools.gnu-tools-for-stm32.7-2018-q2-update.win32_1.4.0.202007081208/tools/bin/../lib/gcc/arm-none-eabi/7.3.1/../../../../arm-none-eabi/lib/thumb/v7e-m/fpv4-sp/hard\libc_nano.a(lib_a-errno.o)
 .text          0x0000000000000000        0x0 c:/st/stm32cubeide_1.4.0/stm32cubeide/plugins/com.st.stm32cube.ide.mcu.externaltools.gnu-tools-for-stm32.7-2018-q2-update.win32_1.4.0.202007081208/tools/bin/../lib/gcc/arm-none-eabi/7.3.1/../../../../arm-none-eabi/lib/thumb/v7e-m/fpv4-sp/hard\libc_nano.a(lib_a-exit.o)
 .data          0x0000000000000000        0x0 c:/st/stm32cubeide_1.4.0/stm32cubeide/plugins/com.st.stm32cube.ide.mcu.externaltools.gnu-tools-for-stm32.7-2018-q2-update.win32_1.4.0.202007081208/tools/bin/../lib/gcc/arm-none-eabi/7.3.1/../../../../arm-none-eabi/lib/thumb/v7e-m/fpv4-sp/hard\libc_nano.a(lib_a-exit.o)
 .bss           0x0000000000000000        0x0 c:/st/stm32cubeide_1.4.0/stm32cubeide/plugins/com.st.stm32cube.ide.mcu.externaltools.gnu-tools-for-stm32.7-2018-q2-update.win32_1.4.0.202007081208/tools/bin/../lib/gcc/arm-none-eabi/7.3.1/../../../../arm-none-eabi/lib/thumb/v7e-m/fpv4-sp/hard\libc_nano.a(lib_a-exit.o)
 .text.exit     0x0000000000000000       0x28 c:/st/stm32cubeide_1.4.0/stm32cubeide/plugins/com.st.stm32cube.ide.mcu.externaltools.gnu-tools-for-stm32.7-2018-q2-update.win32_1.4.0.202007081208/tools/bin/../lib/gcc/arm-none-eabi/7.3.1/../../../../arm-none-eabi/lib/thumb/v7e-m/fpv4-sp/hard\libc_nano.a(lib_a-exit.o)
 .debug_frame   0x0000000000000000       0x28 c:/st/stm32cubeide_1.4.0/stm32cubeide/plugins/com.st.stm32cube.ide.mcu.externaltools.gnu-tools-for-stm32.7-2018-q2-update.win32_1.4.0.202007081208/tools/bin/../lib/gcc/arm-none-eabi/7.3.1/../../../../arm-none-eabi/lib/thumb/v7e-m/fpv4-sp/hard\libc_nano.a(lib_a-exit.o)
 .ARM.attributes
                0x0000000000000000       0x34 c:/st/stm32cubeide_1.4.0/stm32cubeide/plugins/com.st.stm32cube.ide.mcu.externaltools.gnu-tools-for-stm32.7-2018-q2-update.win32_1.4.0.202007081208/tools/bin/../lib/gcc/arm-none-eabi/7.3.1/../../../../arm-none-eabi/lib/thumb/v7e-m/fpv4-sp/hard\libc_nano.a(lib_a-exit.o)
 .text          0x0000000000000000        0x0 c:/st/stm32cubeide_1.4.0/stm32cubeide/plugins/com.st.stm32cube.ide.mcu.externaltools.gnu-tools-for-stm32.7-2018-q2-update.win32_1.4.0.202007081208/tools/bin/../lib/gcc/arm-none-eabi/7.3.1/../../../../arm-none-eabi/lib/thumb/v7e-m/fpv4-sp/hard\libc_nano.a(lib_a-impure.o)
 .data          0x0000000000000000        0x0 c:/st/stm32cubeide_1.4.0/stm32cubeide/plugins/com.st.stm32cube.ide.mcu.externaltools.gnu-tools-for-stm32.7-2018-q2-update.win32_1.4.0.202007081208/tools/bin/../lib/gcc/arm-none-eabi/7.3.1/../../../../arm-none-eabi/lib/thumb/v7e-m/fpv4-sp/hard\libc_nano.a(lib_a-impure.o)
 .bss           0x0000000000000000        0x0 c:/st/stm32cubeide_1.4.0/stm32cubeide/plugins/com.st.stm32cube.ide.mcu.externaltools.gnu-tools-for-stm32.7-2018-q2-update.win32_1.4.0.202007081208/tools/bin/../lib/gcc/arm-none-eabi/7.3.1/../../../../arm-none-eabi/lib/thumb/v7e-m/fpv4-sp/hard\libc_nano.a(lib_a-impure.o)
 .data._impure_ptr
                0x0000000000000000        0x4 c:/st/stm32cubeide_1.4.0/stm32cubeide/plugins/com.st.stm32cube.ide.mcu.externaltools.gnu-tools-for-stm32.7-2018-q2-update.win32_1.4.0.202007081208/tools/bin/../lib/gcc/arm-none-eabi/7.3.1/../../../../arm-none-eabi/lib/thumb/v7e-m/fpv4-sp/hard\libc_nano.a(lib_a-impure.o)
 .data.impure_data
                0x0000000000000000       0x60 c:/st/stm32cubeide_1.4.0/stm32cubeide/plugins/com.st.stm32cube.ide.mcu.externaltools.gnu-tools-for-stm32.7-2018-q2-update.win32_1.4.0.202007081208/tools/bin/../lib/gcc/arm-none-eabi/7.3.1/../../../../arm-none-eabi/lib/thumb/v7e-m/fpv4-sp/hard\libc_nano.a(lib_a-impure.o)
 .rodata._global_impure_ptr
                0x0000000000000000        0x4 c:/st/stm32cubeide_1.4.0/stm32cubeide/plugins/com.st.stm32cube.ide.mcu.externaltools.gnu-tools-for-stm32.7-2018-q2-update.win32_1.4.0.202007081208/tools/bin/../lib/gcc/arm-none-eabi/7.3.1/../../../../arm-none-eabi/lib/thumb/v7e-m/fpv4-sp/hard\libc_nano.a(lib_a-impure.o)
 .ARM.attributes
                0x0000000000000000       0x34 c:/st/stm32cubeide_1.4.0/stm32cubeide/plugins/com.st.stm32cube.ide.mcu.externaltools.gnu-tools-for-stm32.7-2018-q2-update.win32_1.4.0.202007081208/tools/bin/../lib/gcc/arm-none-eabi/7.3.1/../../../../arm-none-eabi/lib/thumb/v7e-m/fpv4-sp/hard\libc_nano.a(lib_a-impure.o)
 .text          0x0000000000000000        0x0 c:/st/stm32cubeide_1.4.0/stm32cubeide/plugins/com.st.stm32cube.ide.mcu.externaltools.gnu-tools-for-stm32.7-2018-q2-update.win32_1.4.0.202007081208/tools/bin/../lib/gcc/arm-none-eabi/7.3.1/../../../../arm-none-eabi/lib/thumb/v7e-m/fpv4-sp/hard\libc_nano.a(lib_a-init.o)
 .data          0x0000000000000000        0x0 c:/st/stm32cubeide_1.4.0/stm32cubeide/plugins/com.st.stm32cube.ide.mcu.externaltools.gnu-tools-for-stm32.7-2018-q2-update.win32_1.4.0.202007081208/tools/bin/../lib/gcc/arm-none-eabi/7.3.1/../../../../arm-none-eabi/lib/thumb/v7e-m/fpv4-sp/hard\libc_nano.a(lib_a-init.o)
 .bss           0x0000000000000000        0x0 c:/st/stm32cubeide_1.4.0/stm32cubeide/plugins/com.st.stm32cube.ide.mcu.externaltools.gnu-tools-for-stm32.7-2018-q2-update.win32_1.4.0.202007081208/tools/bin/../lib/gcc/arm-none-eabi/7.3.1/../../../../arm-none-eabi/lib/thumb/v7e-m/fpv4-sp/hard\libc_nano.a(lib_a-init.o)
 .text          0x0000000000000000        0x0 c:/st/stm32cubeide_1.4.0/stm32cubeide/plugins/com.st.stm32cube.ide.mcu.externaltools.gnu-tools-for-stm32.7-2018-q2-update.win32_1.4.0.202007081208/tools/bin/../lib/gcc/arm-none-eabi/7.3.1/../../../../arm-none-eabi/lib/thumb/v7e-m/fpv4-sp/hard\libc_nano.a(lib_a-memset.o)
 .data          0x0000000000000000        0x0 c:/st/stm32cubeide_1.4.0/stm32cubeide/plugins/com.st.stm32cube.ide.mcu.externaltools.gnu-tools-for-stm32.7-2018-q2-update.win32_1.4.0.202007081208/tools/bin/../lib/gcc/arm-none-eabi/7.3.1/../../../../arm-none-eabi/lib/thumb/v7e-m/fpv4-sp/hard\libc_nano.a(lib_a-memset.o)
 .bss           0x0000000000000000        0x0 c:/st/stm32cubeide_1.4.0/stm32cubeide/plugins/com.st.stm32cube.ide.mcu.externaltools.gnu-tools-for-stm32.7-2018-q2-update.win32_1.4.0.202007081208/tools/bin/../lib/gcc/arm-none-eabi/7.3.1/../../../../arm-none-eabi/lib/thumb/v7e-m/fpv4-sp/hard\libc_nano.a(lib_a-memset.o)
 .text.memset   0x0000000000000000       0x10 c:/st/stm32cubeide_1.4.0/stm32cubeide/plugins/com.st.stm32cube.ide.mcu.externaltools.gnu-tools-for-stm32.7-2018-q2-update.win32_1.4.0.202007081208/tools/bin/../lib/gcc/arm-none-eabi/7.3.1/../../../../arm-none-eabi/lib/thumb/v7e-m/fpv4-sp/hard\libc_nano.a(lib_a-memset.o)
 .debug_frame   0x0000000000000000       0x20 c:/st/stm32cubeide_1.4.0/stm32cubeide/plugins/com.st.stm32cube.ide.mcu.externaltools.gnu-tools-for-stm32.7-2018-q2-update.win32_1.4.0.202007081208/tools/bin/../lib/gcc/arm-none-eabi/7.3.1/../../../../arm-none-eabi/lib/thumb/v7e-m/fpv4-sp/hard\libc_nano.a(lib_a-memset.o)
 .ARM.attributes
                0x0000000000000000       0x34 c:/st/stm32cubeide_1.4.0/stm32cubeide/plugins/com.st.stm32cube.ide.mcu.externaltools.gnu-tools-for-stm32.7-2018-q2-update.win32_1.4.0.202007081208/tools/bin/../lib/gcc/arm-none-eabi/7.3.1/../../../../arm-none-eabi/lib/thumb/v7e-m/fpv4-sp/hard\libc_nano.a(lib_a-memset.o)
 .text          0x0000000000000000        0x0 c:/st/stm32cubeide_1.4.0/stm32cubeide/plugins/com.st.stm32cube.ide.mcu.externaltools.gnu-tools-for-stm32.7-2018-q2-update.win32_1.4.0.202007081208/tools/bin/../lib/gcc/arm-none-eabi/7.3.1/thumb/v7e-m/fpv4-sp/hard/crtend.o
 .data          0x0000000000000000        0x0 c:/st/stm32cubeide_1.4.0/stm32cubeide/plugins/com.st.stm32cube.ide.mcu.externaltools.gnu-tools-for-stm32.7-2018-q2-update.win32_1.4.0.202007081208/tools/bin/../lib/gcc/arm-none-eabi/7.3.1/thumb/v7e-m/fpv4-sp/hard/crtend.o
 .bss           0x0000000000000000        0x0 c:/st/stm32cubeide_1.4.0/stm32cubeide/plugins/com.st.stm32cube.ide.mcu.externaltools.gnu-tools-for-stm32.7-2018-q2-update.win32_1.4.0.202007081208/tools/bin/../lib/gcc/arm-none-eabi/7.3.1/thumb/v7e-m/fpv4-sp/hard/crtend.o
 .eh_frame      0x0000000000000000        0x4 c:/st/stm32cubeide_1.4.0/stm32cubeide/plugins/com.st.stm32cube.ide.mcu.externaltools.gnu-tools-for-stm32.7-2018-q2-update.win32_1.4.0.202007081208/tools/bin/../lib/gcc/arm-none-eabi/7.3.1/thumb/v7e-m/fpv4-sp/hard/crtend.o
 .ARM.attributes
                0x0000000000000000       0x34 c:/st/stm32cubeide_1.4.0/stm32cubeide/plugins/com.st.stm32cube.ide.mcu.externaltools.gnu-tools-for-stm32.7-2018-q2-update.win32_1.4.0.202007081208/tools/bin/../lib/gcc/arm-none-eabi/7.3.1/thumb/v7e-m/fpv4-sp/hard/crtend.o
 .text          0x0000000000000000        0x0 c:/st/stm32cubeide_1.4.0/stm32cubeide/plugins/com.st.stm32cube.ide.mcu.externaltools.gnu-tools-for-stm32.7-2018-q2-update.win32_1.4.0.202007081208/tools/bin/../lib/gcc/arm-none-eabi/7.3.1/thumb/v7e-m/fpv4-sp/hard/crtn.o
 .data          0x0000000000000000        0x0 c:/st/stm32cubeide_1.4.0/stm32cubeide/plugins/com.st.stm32cube.ide.mcu.externaltools.gnu-tools-for-stm32.7-2018-q2-update.win32_1.4.0.202007081208/tools/bin/../lib/gcc/arm-none-eabi/7.3.1/thumb/v7e-m/fpv4-sp/hard/crtn.o
 .bss           0x0000000000000000        0x0 c:/st/stm32cubeide_1.4.0/stm32cubeide/plugins/com.st.stm32cube.ide.mcu.externaltools.gnu-tools-for-stm32.7-2018-q2-update.win32_1.4.0.202007081208/tools/bin/../lib/gcc/arm-none-eabi/7.3.1/thumb/v7e-m/fpv4-sp/hard/crtn.o

Memory Configuration

Name             Origin             Length             Attributes
RAM              0x0000000020000000 0x0000000000010000 xrw
ROM              0x0000000008000000 0x0000000000040000 xr
*default*        0x0000000000000000 0xffffffffffffffff

Linker script and memory map

LOAD c:/st/stm32cubeide_1.4.0/stm32cubeide/plugins/com.st.stm32cube.ide.mcu.externaltools.gnu-tools-for-stm32.7-2018-q2-update.win32_1.4.0.202007081208/tools/bin/../lib/gcc/arm-none-eabi/7.3.1/thumb/v7e-m/fpv4-sp/hard/crti.o
LOAD c:/st/stm32cubeide_1.4.0/stm32cubeide/plugins/com.st.stm32cube.ide.mcu.externaltools.gnu-tools-for-stm32.7-2018-q2-update.win32_1.4.0.202007081208/tools/bin/../lib/gcc/arm-none-eabi/7.3.1/thumb/v7e-m/fpv4-sp/hard/crtbegin.o
LOAD c:/st/stm32cubeide_1.4.0/stm32cubeide/plugins/com.st.stm32cube.ide.mcu.externaltools.gnu-tools-for-stm32.7-2018-q2-update.win32_1.4.0.202007081208/tools/bin/../lib/gcc/arm-none-eabi/7.3.1/../../../../arm-none-eabi/lib/thumb/v7e-m/fpv4-sp/hard/crt0.o
LOAD Src/HAL/KEYPAD/KEYPAD.o
LOAD Src/HAL/LCD/LCD.o
LOAD Src/MCAL/EXTI/EXTI_Program.o
LOAD Src/MCAL/FMI/FMI_Prog.o
LOAD Src/MCAL/GPIO/GPIO_Porgran.o
LOAD Src/MCAL/NVIC/NVIC_Program.o
LOAD Src/MCAL/RCC/RCC_Program.o
LOAD Src/MCAL/STK/STK_Program.o
LOAD Src/OS/RTOS_Program.o
LOAD Src/main.o
LOAD Src/syscalls.o
LOAD Src/sysmem.o
LOAD Startup/startup_stm32f401ccfx.o
START GROUP
LOAD c:/st/stm32cubeide_1.4.0/stm32cubeide/plugins/com.st.stm32cube.ide.mcu.externaltools.gnu-tools-for-stm32.7-2018-q2-update.win32_1.4.0.202007081208/tools/bin/../lib/gcc/arm-none-eabi/7.3.1/../../../../arm-none-eabi/lib/thumb/v7e-m/fpv4-sp/hard\libc_nano.a
LOAD c:/st/stm32cubeide_1.4.0/stm32cubeide/plugins/com.st.stm32cube.ide.mcu.externaltools.gnu-tools-for-stm32.7-2018-q2-update.win32_1.4.0.202007081208/tools/bin/../lib/gcc/arm-none-eabi/7.3.1/../../../../arm-none-eabi/lib/thumb/v7e-m/fpv4-sp/hard\libm.a
END GROUP
START GROUP
LOAD c:/st/stm32cubeide_1.4.0/stm32cubeide/plugins/com.st.stm32cube.ide.mcu.externaltools.gnu-tools-for-stm32.7-2018-q2-update.win32_1.4.0.202007081208/tools/bin/../lib/gcc/arm-none-eabi/7.3.1/thumb/v7e-m/fpv4-sp/hard\libgcc.a
LOAD c:/st/stm32cubeide_1.4.0/stm32cubeide/plugins/com.st.stm32cube.ide.mcu.externaltools.gnu-tools-for-stm32.7-2018-q2-update.win32_1.4.0.202007081208/tools/bin/../lib/gcc/arm-none-eabi/7.3.1/../../../../arm-none-eabi/lib/thumb/v7e-m/fpv4-sp/hard\libc_nano.a
END GROUP
START GROUP
LOAD c:/st/stm32cubeide_1.4.0/stm32cubeide/plugins/com.st.stm32cube.ide.mcu.externaltools.gnu-tools-for-stm32.7-2018-q2-update.win32_1.4.0.202007081208/tools/bin/../lib/gcc/arm-none-eabi/7.3.1/thumb/v7e-m/fpv4-sp/hard\libgcc.a
LOAD c:/st/stm32cubeide_1.4.0/stm32cubeide/plugins/com.st.stm32cube.ide.mcu.externaltools.gnu-tools-for-stm32.7-2018-q2-update.win32_1.4.0.202007081208/tools/bin/../lib/gcc/arm-none-eabi/7.3.1/../../../../arm-none-eabi/lib/thumb/v7e-m/fpv4-sp/hard\libc_nano.a
LOAD c:/st/stm32cubeide_1.4.0/stm32cubeide/plugins/com.st.stm32cube.ide.mcu.externaltools.gnu-tools-for-stm32.7-2018-q2-update.win32_1.4.0.202007081208/tools/bin/../lib/gcc/arm-none-eabi/7.3.1/../../../../arm-none-eabi/lib/thumb/v7e-m/fpv4-sp/hard\libnosys.a
END GROUP
START GROUP
LOAD c:/st/stm32cubeide_1.4.0/stm32cubeide/plugins/com.st.stm32cube.ide.mcu.externaltools.gnu-tools-for-stm32.7-2018-q2-update.win32_1.4.0.202007081208/tools/bin/../lib/gcc/arm-none-eabi/7.3.1/thumb/v7e-m/fpv4-sp/hard\libgcc.a
LOAD c:/st/stm32cubeide_1.4.0/stm32cubeide/plugins/com.st.stm32cube.ide.mcu.externaltools.gnu-tools-for-stm32.7-2018-q2-update.win32_1.4.0.202007081208/tools/bin/../lib/gcc/arm-none-eabi/7.3.1/../../../../arm-none-eabi/lib/thumb/v7e-m/fpv4-sp/hard\libc_nano.a
LOAD c:/st/stm32cubeide_1.4.0/stm32cubeide/plugins/com.st.stm32cube.ide.mcu.externaltools.gnu-tools-for-stm32.7-2018-q2-update.win32_1.4.0.202007081208/tools/bin/../lib/gcc/arm-none-eabi/7.3.1/../../../../arm-none-eabi/lib/thumb/v7e-m/fpv4-sp/hard\libnosys.a
END GROUP
LOAD c:/st/stm32cubeide_1.4.0/stm32cubeide/plugins/com.st.stm32cube.ide.mcu.externaltools.gnu-tools-for-stm32.7-2018-q2-update.win32_1.4.0.202007081208/tools/bin/../lib/gcc/arm-none-eabi/7.3.1/thumb/v7e-m/fpv4-sp/hard/crtend.o
LOAD c:/st/stm32cubeide_1.4.0/stm32cubeide/plugins/com.st.stm32cube.ide.mcu.externaltools.gnu-tools-for-stm32.7-2018-q2-update.win32_1.4.0.202007081208/tools/bin/../lib/gcc/arm-none-eabi/7.3.1/thumb/v7e-m/fpv4-sp/hard/crtn.o
                0x0000000020010000                _estack = (ORIGIN (RAM) + LENGTH (RAM))
                0x0000000000000200                _Min_Heap_Size = 0x200
                0x0000000000000400                _Min_Stack_Size = 0x400

.isr_vector     0x0000000008000000      0x194
                0x0000000008000000                . = ALIGN (0x4)
 *(.isr_vector)
 .isr_vector    0x0000000008000000      0x194 Startup/startup_stm32f401ccfx.o
                0x0000000008000000                g_pfnVectors
                0x0000000008000194                . = ALIGN (0x4)

.text           0x0000000008000194      0xe10
                0x0000000008000194                . = ALIGN (0x4)
 *(.text)
 .text          0x0000000008000194       0x40 c:/st/stm32cubeide_1.4.0/stm32cubeide/plugins/com.st.stm32cube.ide.mcu.externaltools.gnu-tools-for-stm32.7-2018-q2-update.win32_1.4.0.202007081208/tools/bin/../lib/gcc/arm-none-eabi/7.3.1/thumb/v7e-m/fpv4-sp/hard/crtbegin.o
 *(.text*)
 .text.HAL_KEYPAD_Init
                0x00000000080001d4       0xb4 Src/HAL/KEYPAD/KEYPAD.o
                0x00000000080001d4                HAL_KEYPAD_Init
 .text.HAL_KEYPAD_Get_PressedKey
                0x0000000008000288       0xc4 Src/HAL/KEYPAD/KEYPAD.o
                0x0000000008000288                HAL_KEYPAD_Get_PressedKey
 .text.wait_ms  0x000000000800034c       0x3a Src/HAL/LCD/LCD.o
                0x000000000800034c                wait_ms
 *fill*         0x0000000008000386        0x2 
 .text.Private_LCD_Pins_init
                0x0000000008000388      0x124 Src/HAL/LCD/LCD.o
                0x0000000008000388                Private_LCD_Pins_init
 .text.Private_LCD_Kick
                0x00000000080004ac       0x28 Src/HAL/LCD/LCD.o
                0x00000000080004ac                Private_LCD_Kick
 .text.HAL_LCD_Init
                0x00000000080004d4       0x34 Src/HAL/LCD/LCD.o
                0x00000000080004d4                HAL_LCD_Init
 .text.HAL_LCD_Send_Command
                0x0000000008000508       0xdc Src/HAL/LCD/LCD.o
                0x0000000008000508                HAL_LCD_Send_Command
 .text.HAL_LCD_Display_Char
                0x00000000080005e4       0xdc Src/HAL/LCD/LCD.o
                0x00000000080005e4                HAL_LCD_Display_Char
 .text.HAL_LCD_Clear_Screen
                0x00000000080006c0        0xe Src/HAL/LCD/LCD.o
                0x00000000080006c0                HAL_LCD_Clear_Screen
 .text.HAL_LCD_Display_Number
                0x00000000080006ce       0x1e Src/HAL/LCD/LCD.o
                0x00000000080006ce                HAL_LCD_Display_Number
 .text.EXTI0_IRQHandler
                0x00000000080006ec       0x2c Src/MCAL/EXTI/EXTI_Program.o
                0x00000000080006ec                EXTI0_IRQHandler
 .text.EXTI1_IRQHandler
                0x0000000008000718       0x24 Src/MCAL/EXTI/EXTI_Program.o
                0x0000000008000718                EXTI1_IRQHandler
 .text.MCAL_GPIOx_Init
                0x000000000800073c      0x42c Src/MCAL/GPIO/GPIO_Porgran.o
                0x000000000800073c                MCAL_GPIOx_Init
 .text.MCAL_GPIOx_Pin_Write
                0x0000000008000b68       0x50 Src/MCAL/GPIO/GPIO_Porgran.o
                0x0000000008000b68                MCAL_GPIOx_Pin_Write
 .text.MCAL_GPIOx_Pin_Read
                0x0000000008000bb8       0x36 Src/MCAL/GPIO/GPIO_Porgran.o
                0x0000000008000bb8                MCAL_GPIOx_Pin_Read
 *fill*         0x0000000008000bee        0x2 
 .text.MCAL_RCC_voidInit
                0x0000000008000bf0      0x168 Src/MCAL/RCC/RCC_Program.o
                0x0000000008000bf0                MCAL_RCC_voidInit
 .text.MCAL_RCC_voidPeripheral_EN
                0x0000000008000d58       0x94 Src/MCAL/RCC/RCC_Program.o
                0x0000000008000d58                MCAL_RCC_voidPeripheral_EN
 .text.MCAL_SYSTK_voidInit
                0x0000000008000dec       0x2c Src/MCAL/STK/STK_Program.o
                0x0000000008000dec                MCAL_SYSTK_voidInit
 .text.SysTick_Handler
                0x0000000008000e18       0x1c Src/MCAL/STK/STK_Program.o
                0x0000000008000e18                SysTick_Handler
 .text.main     0x0000000008000e34       0xbc Src/main.o
                0x0000000008000e34                main
 .text.Reset_Handler
                0x0000000008000ef0       0x50 Startup/startup_stm32f401ccfx.o
                0x0000000008000ef0                Reset_Handler
 .text.Default_Handler
                0x0000000008000f40        0x2 Startup/startup_stm32f401ccfx.o
                0x0000000008000f40                RTC_Alarm_IRQHandler
                0x0000000008000f40                EXTI2_IRQHandler
                0x0000000008000f40                DebugMon_Handler
                0x0000000008000f40                SPI4_IRQHandler
                0x0000000008000f40                TIM1_CC_IRQHandler
                0x0000000008000f40                HardFault_Handler
                0x0000000008000f40                PVD_IRQHandler
                0x0000000008000f40                SDIO_IRQHandler
                0x0000000008000f40                TAMP_STAMP_IRQHandler
                0x0000000008000f40                PendSV_Handler
                0x0000000008000f40                NMI_Handler
                0x0000000008000f40                EXTI3_IRQHandler
                0x0000000008000f40                TIM1_UP_TIM10_IRQHandler
                0x0000000008000f40                I2C3_ER_IRQHandler
                0x0000000008000f40                I2C2_EV_IRQHandler
                0x0000000008000f40                FPU_IRQHandler
                0x0000000008000f40                UsageFault_Handler
                0x0000000008000f40                SPI1_IRQHandler
                0x0000000008000f40                TIM1_BRK_TIM9_IRQHandler
                0x0000000008000f40                I2C1_EV_IRQHandler
                0x0000000008000f40                TIM3_IRQHandler
                0x0000000008000f40                RCC_IRQHandler
                0x0000000008000f40                Default_Handler
                0x0000000008000f40                EXTI15_10_IRQHandler
                0x0000000008000f40                ADC_IRQHandler
                0x0000000008000f40                I2C3_EV_IRQHandler
                0x0000000008000f40                EXTI9_5_IRQHandler
                0x0000000008000f40                RTC_WKUP_IRQHandler
                0x0000000008000f40                SPI2_IRQHandler
                0x0000000008000f40                MemManage_Handler
                0x0000000008000f40                SVC_Handler
                0x0000000008000f40                EXTI4_IRQHandler
                0x0000000008000f40                TIM2_IRQHandler
                0x0000000008000f40                OTG_FS_WKUP_IRQHandler
                0x0000000008000f40                TIM1_TRG_COM_TIM11_IRQHandler
                0x0000000008000f40                I2C2_ER_IRQHandler
                0x0000000008000f40                FLASH_IRQHandler
                0x0000000008000f40                BusFault_Handler
                0x0000000008000f40                OTG_FS_IRQHandler
                0x0000000008000f40                SPI3_IRQHandler
                0x0000000008000f40                I2C1_ER_IRQHandler
 *fill*         0x0000000008000f42        0x2 
 .text.__libc_init_array
                0x0000000008000f44       0x48 c:/st/stm32cubeide_1.4.0/stm32cubeide/plugins/com.st.stm32cube.ide.mcu.externaltools.gnu-tools-for-stm32.7-2018-q2-update.win32_1.4.0.202007081208/tools/bin/../lib/gcc/arm-none-eabi/7.3.1/../../../../arm-none-eabi/lib/thumb/v7e-m/fpv4-sp/hard\libc_nano.a(lib_a-init.o)
                0x0000000008000f44                __libc_init_array
 *(.glue_7)
 .glue_7        0x0000000008000f8c        0x0 linker stubs
 *(.glue_7t)
 .glue_7t       0x0000000008000f8c        0x0 linker stubs
 *(.eh_frame)
 .eh_frame      0x0000000008000f8c        0x0 c:/st/stm32cubeide_1.4.0/stm32cubeide/plugins/com.st.stm32cube.ide.mcu.externaltools.gnu-tools-for-stm32.7-2018-q2-update.win32_1.4.0.202007081208/tools/bin/../lib/gcc/arm-none-eabi/7.3.1/thumb/v7e-m/fpv4-sp/hard/crtbegin.o
 *(.init)
 .init          0x0000000008000f8c        0x4 c:/st/stm32cubeide_1.4.0/stm32cubeide/plugins/com.st.stm32cube.ide.mcu.externaltools.gnu-tools-for-stm32.7-2018-q2-update.win32_1.4.0.202007081208/tools/bin/../lib/gcc/arm-none-eabi/7.3.1/thumb/v7e-m/fpv4-sp/hard/crti.o
                0x0000000008000f8c                _init
 .init          0x0000000008000f90        0x8 c:/st/stm32cubeide_1.4.0/stm32cubeide/plugins/com.st.stm32cube.ide.mcu.externaltools.gnu-tools-for-stm32.7-2018-q2-update.win32_1.4.0.202007081208/tools/bin/../lib/gcc/arm-none-eabi/7.3.1/thumb/v7e-m/fpv4-sp/hard/crtn.o
 *(.fini)
 .fini          0x0000000008000f98        0x4 c:/st/stm32cubeide_1.4.0/stm32cubeide/plugins/com.st.stm32cube.ide.mcu.externaltools.gnu-tools-for-stm32.7-2018-q2-update.win32_1.4.0.202007081208/tools/bin/../lib/gcc/arm-none-eabi/7.3.1/thumb/v7e-m/fpv4-sp/hard/crti.o
                0x0000000008000f98                _fini
 .fini          0x0000000008000f9c        0x8 c:/st/stm32cubeide_1.4.0/stm32cubeide/plugins/com.st.stm32cube.ide.mcu.externaltools.gnu-tools-for-stm32.7-2018-q2-update.win32_1.4.0.202007081208/tools/bin/../lib/gcc/arm-none-eabi/7.3.1/thumb/v7e-m/fpv4-sp/hard/crtn.o
                0x0000000008000fa4                . = ALIGN (0x4)
                0x0000000008000fa4                _etext = .

.vfp11_veneer   0x0000000008000fa4        0x0
 .vfp11_veneer  0x0000000008000fa4        0x0 linker stubs

.v4_bx          0x0000000008000fa4        0x0
 .v4_bx         0x0000000008000fa4        0x0 linker stubs

.iplt           0x0000000008000fa4        0x0
 .iplt          0x0000000008000fa4        0x0 c:/st/stm32cubeide_1.4.0/stm32cubeide/plugins/com.st.stm32cube.ide.mcu.externaltools.gnu-tools-for-stm32.7-2018-q2-update.win32_1.4.0.202007081208/tools/bin/../lib/gcc/arm-none-eabi/7.3.1/thumb/v7e-m/fpv4-sp/hard/crtbegin.o

.rodata         0x0000000008000fa4       0x10
                0x0000000008000fa4                . = ALIGN (0x4)
 *(.rodata)
 .rodata        0x0000000008000fa4       0x10 Src/HAL/KEYPAD/KEYPAD.o
 *(.rodata*)
                0x0000000008000fb4                . = ALIGN (0x4)

.rel.dyn        0x0000000008000fb4        0x0
 .rel.iplt      0x0000000008000fb4        0x0 c:/st/stm32cubeide_1.4.0/stm32cubeide/plugins/com.st.stm32cube.ide.mcu.externaltools.gnu-tools-for-stm32.7-2018-q2-update.win32_1.4.0.202007081208/tools/bin/../lib/gcc/arm-none-eabi/7.3.1/thumb/v7e-m/fpv4-sp/hard/crtbegin.o

.ARM.extab      0x0000000008000fb4        0x0
                0x0000000008000fb4                . = ALIGN (0x4)
 *(.ARM.extab* .gnu.linkonce.armextab.*)
                0x0000000008000fb4                . = ALIGN (0x4)

.ARM            0x0000000008000fb4        0x0
                0x0000000008000fb4                . = ALIGN (0x4)
                0x0000000008000fb4                __exidx_start = .
 *(.ARM.exidx*)
                0x0000000008000fb4                __exidx_end = .
                0x0000000008000fb4                . = ALIGN (0x4)

.preinit_array  0x0000000008000fb4        0x0
                0x0000000008000fb4                . = ALIGN (0x4)
                0x0000000008000fb4                PROVIDE (__preinit_array_start = .)
 *(.preinit_array*)
                0x0000000008000fb4                PROVIDE (__preinit_array_end = .)
                0x0000000008000fb4                . = ALIGN (0x4)

.init_array     0x0000000008000fb4        0x4
                0x0000000008000fb4                . = ALIGN (0x4)
                0x0000000008000fb4                PROVIDE (__init_array_start = .)
 *(SORT_BY_NAME(.init_array.*))
 *(.init_array*)
 .init_array    0x0000000008000fb4        0x4 c:/st/stm32cubeide_1.4.0/stm32cubeide/plugins/com.st.stm32cube.ide.mcu.externaltools.gnu-tools-for-stm32.7-2018-q2-update.win32_1.4.0.202007081208/tools/bin/../lib/gcc/arm-none-eabi/7.3.1/thumb/v7e-m/fpv4-sp/hard/crtbegin.o
                0x0000000008000fb8                PROVIDE (__init_array_end = .)
                0x0000000008000fb8                . = ALIGN (0x4)

.fini_array     0x0000000008000fb8        0x4
                0x0000000008000fb8                . = ALIGN (0x4)
                [!provide]                        PROVIDE (__fini_array_start = .)
 *(SORT_BY_NAME(.fini_array.*))
 *(.fini_array*)
 .fini_array    0x0000000008000fb8        0x4 c:/st/stm32cubeide_1.4.0/stm32cubeide/plugins/com.st.stm32cube.ide.mcu.externaltools.gnu-tools-for-stm32.7-2018-q2-update.win32_1.4.0.202007081208/tools/bin/../lib/gcc/arm-none-eabi/7.3.1/thumb/v7e-m/fpv4-sp/hard/crtbegin.o
                [!provide]                        PROVIDE (__fini_array_end = .)
                0x0000000008000fbc                . = ALIGN (0x4)
                0x0000000008000fbc                _sidata = LOADADDR (.data)

.data           0x0000000020000000        0x0 load address 0x0000000008000fbc
                0x0000000020000000                . = ALIGN (0x4)
                0x0000000020000000                _sdata = .
 *(.data)
 *(.data*)
                0x0000000020000000                . = ALIGN (0x4)
                0x0000000020000000                _edata = .

.igot.plt       0x0000000020000000        0x0 load address 0x0000000008000fbc
 .igot.plt      0x0000000020000000        0x0 c:/st/stm32cubeide_1.4.0/stm32cubeide/plugins/com.st.stm32cube.ide.mcu.externaltools.gnu-tools-for-stm32.7-2018-q2-update.win32_1.4.0.202007081208/tools/bin/../lib/gcc/arm-none-eabi/7.3.1/thumb/v7e-m/fpv4-sp/hard/crtbegin.o
                0x0000000020000000                . = ALIGN (0x4)

.bss            0x0000000020000000       0x5c load address 0x0000000008000fbc
                0x0000000020000000                _sbss = .
                0x0000000020000000                __bss_start__ = _sbss
 *(.bss)
 .bss           0x0000000020000000       0x1c c:/st/stm32cubeide_1.4.0/stm32cubeide/plugins/com.st.stm32cube.ide.mcu.externaltools.gnu-tools-for-stm32.7-2018-q2-update.win32_1.4.0.202007081208/tools/bin/../lib/gcc/arm-none-eabi/7.3.1/thumb/v7e-m/fpv4-sp/hard/crtbegin.o
 *(.bss*)
 .bss.ptr       0x000000002000001c       0x3c Src/MCAL/EXTI/EXTI_Program.o
                0x000000002000001c                ptr
 .bss.GlobalcallBackPtr
                0x0000000020000058        0x4 Src/MCAL/STK/STK_Program.o
 *(COMMON)
                0x000000002000005c                . = ALIGN (0x4)
                0x000000002000005c                _ebss = .
                0x000000002000005c                __bss_end__ = _ebss

._user_heap_stack
                0x000000002000005c      0x604 load address 0x0000000008000fbc
                0x0000000020000060                . = ALIGN (0x8)
 *fill*         0x000000002000005c        0x4 
                [!provide]                        PROVIDE (end = .)
                0x0000000020000060                PROVIDE (_end = .)
                0x0000000020000260                . = (. + _Min_Heap_Size)
 *fill*         0x0000000020000060      0x200 
                0x0000000020000660                . = (. + _Min_Stack_Size)
 *fill*         0x0000000020000260      0x400 
                0x0000000020000660                . = ALIGN (0x8)

/DISCARD/
 libc.a(*)
 libm.a(*)
 libgcc.a(*)

.ARM.attributes
                0x0000000000000000       0x30
 *(.ARM.attributes)
 .ARM.attributes
                0x0000000000000000       0x22 c:/st/stm32cubeide_1.4.0/stm32cubeide/plugins/com.st.stm32cube.ide.mcu.externaltools.gnu-tools-for-stm32.7-2018-q2-update.win32_1.4.0.202007081208/tools/bin/../lib/gcc/arm-none-eabi/7.3.1/thumb/v7e-m/fpv4-sp/hard/crti.o
 .ARM.attributes
                0x0000000000000022       0x34 c:/st/stm32cubeide_1.4.0/stm32cubeide/plugins/com.st.stm32cube.ide.mcu.externaltools.gnu-tools-for-stm32.7-2018-q2-update.win32_1.4.0.202007081208/tools/bin/../lib/gcc/arm-none-eabi/7.3.1/thumb/v7e-m/fpv4-sp/hard/crtbegin.o
 .ARM.attributes
                0x0000000000000056       0x39 Src/HAL/KEYPAD/KEYPAD.o
 .ARM.attributes
                0x000000000000008f       0x39 Src/HAL/LCD/LCD.o
 .ARM.attributes
                0x00000000000000c8       0x39 Src/MCAL/EXTI/EXTI_Program.o
 .ARM.attributes
                0x0000000000000101       0x39 Src/MCAL/GPIO/GPIO_Porgran.o
 .ARM.attributes
                0x000000000000013a       0x39 Src/MCAL/RCC/RCC_Program.o
 .ARM.attributes
                0x0000000000000173       0x39 Src/MCAL/STK/STK_Program.o
 .ARM.attributes
                0x00000000000001ac       0x39 Src/main.o
 .ARM.attributes
                0x00000000000001e5       0x21 Startup/startup_stm32f401ccfx.o
 .ARM.attributes
                0x0000000000000206       0x34 c:/st/stm32cubeide_1.4.0/stm32cubeide/plugins/com.st.stm32cube.ide.mcu.externaltools.gnu-tools-for-stm32.7-2018-q2-update.win32_1.4.0.202007081208/tools/bin/../lib/gcc/arm-none-eabi/7.3.1/../../../../arm-none-eabi/lib/thumb/v7e-m/fpv4-sp/hard\libc_nano.a(lib_a-init.o)
 .ARM.attributes
                0x000000000000023a       0x22 c:/st/stm32cubeide_1.4.0/stm32cubeide/plugins/com.st.stm32cube.ide.mcu.externaltools.gnu-tools-for-stm32.7-2018-q2-update.win32_1.4.0.202007081208/tools/bin/../lib/gcc/arm-none-eabi/7.3.1/thumb/v7e-m/fpv4-sp/hard/crtn.o
OUTPUT(stm32f401xx.elf elf32-littlearm)

.debug_info     0x0000000000000000     0x1415
 .debug_info    0x0000000000000000      0x225 Src/HAL/KEYPAD/KEYPAD.o
 .debug_info    0x0000000000000225      0x3b0 Src/HAL/LCD/LCD.o
 .debug_info    0x00000000000005d5      0x382 Src/MCAL/EXTI/EXTI_Program.o
 .debug_info    0x0000000000000957      0x27e Src/MCAL/GPIO/GPIO_Porgran.o
 .debug_info    0x0000000000000bd5      0x382 Src/MCAL/RCC/RCC_Program.o
 .debug_info    0x0000000000000f57      0x248 Src/MCAL/STK/STK_Program.o
 .debug_info    0x000000000000119f      0x254 Src/main.o
 .debug_info    0x00000000000013f3       0x22 Startup/startup_stm32f401ccfx.o

.debug_abbrev   0x0000000000000000      0x666
 .debug_abbrev  0x0000000000000000       0xca Src/HAL/KEYPAD/KEYPAD.o
 .debug_abbrev  0x00000000000000ca      0x136 Src/HAL/LCD/LCD.o
 .debug_abbrev  0x0000000000000200      0x125 Src/MCAL/EXTI/EXTI_Program.o
 .debug_abbrev  0x0000000000000325       0xab Src/MCAL/GPIO/GPIO_Porgran.o
 .debug_abbrev  0x00000000000003d0       0xb6 Src/MCAL/RCC/RCC_Program.o
 .debug_abbrev  0x0000000000000486      0x130 Src/MCAL/STK/STK_Program.o
 .debug_abbrev  0x00000000000005b6       0x9e Src/main.o
 .debug_abbrev  0x0000000000000654       0x12 Startup/startup_stm32f401ccfx.o

.debug_aranges  0x0000000000000000      0x208
 .debug_aranges
                0x0000000000000000       0x28 Src/HAL/KEYPAD/KEYPAD.o
 .debug_aranges
                0x0000000000000028       0x68 Src/HAL/LCD/LCD.o
 .debug_aranges
                0x0000000000000090       0x38 Src/MCAL/EXTI/EXTI_Program.o
 .debug_aranges
                0x00000000000000c8       0x40 Src/MCAL/GPIO/GPIO_Porgran.o
 .debug_aranges
                0x0000000000000108       0x30 Src/MCAL/RCC/RCC_Program.o
 .debug_aranges
                0x0000000000000138       0x68 Src/MCAL/STK/STK_Program.o
 .debug_aranges
                0x00000000000001a0       0x40 Src/main.o
 .debug_aranges
                0x00000000000001e0       0x28 Startup/startup_stm32f401ccfx.o

.debug_ranges   0x0000000000000000      0x190
 .debug_ranges  0x0000000000000000       0x18 Src/HAL/KEYPAD/KEYPAD.o
 .debug_ranges  0x0000000000000018       0x58 Src/HAL/LCD/LCD.o
 .debug_ranges  0x0000000000000070       0x28 Src/MCAL/EXTI/EXTI_Program.o
 .debug_ranges  0x0000000000000098       0x30 Src/MCAL/GPIO/GPIO_Porgran.o
 .debug_ranges  0x00000000000000c8       0x20 Src/MCAL/RCC/RCC_Program.o
 .debug_ranges  0x00000000000000e8       0x58 Src/MCAL/STK/STK_Program.o
 .debug_ranges  0x0000000000000140       0x30 Src/main.o
 .debug_ranges  0x0000000000000170       0x20 Startup/startup_stm32f401ccfx.o

.debug_macro    0x0000000000000000     0x144c
 .debug_macro   0x0000000000000000       0x52 Src/HAL/KEYPAD/KEYPAD.o
 .debug_macro   0x0000000000000052      0xa60 Src/HAL/KEYPAD/KEYPAD.o
 .debug_macro   0x0000000000000ab2       0x10 Src/HAL/KEYPAD/KEYPAD.o
 .debug_macro   0x0000000000000ac2       0x3a Src/HAL/KEYPAD/KEYPAD.o
 .debug_macro   0x0000000000000afc       0x2e Src/HAL/KEYPAD/KEYPAD.o
 .debug_macro   0x0000000000000b2a      0x11e Src/HAL/KEYPAD/KEYPAD.o
 .debug_macro   0x0000000000000c48       0x34 Src/HAL/KEYPAD/KEYPAD.o
 .debug_macro   0x0000000000000c7c       0x52 Src/HAL/LCD/LCD.o
 .debug_macro   0x0000000000000cce       0x94 Src/HAL/LCD/LCD.o
 .debug_macro   0x0000000000000d62       0x40 Src/MCAL/EXTI/EXTI_Program.o
 .debug_macro   0x0000000000000da2       0x3a Src/MCAL/EXTI/EXTI_Program.o
 .debug_macro   0x0000000000000ddc       0x3b Src/MCAL/GPIO/GPIO_Porgran.o
 .debug_macro   0x0000000000000e17       0x3b Src/MCAL/RCC/RCC_Program.o
 .debug_macro   0x0000000000000e52      0x1f6 Src/MCAL/RCC/RCC_Program.o
 .debug_macro   0x0000000000001048       0x58 Src/MCAL/RCC/RCC_Program.o
 .debug_macro   0x00000000000010a0       0x4b Src/MCAL/STK/STK_Program.o
 .debug_macro   0x00000000000010eb       0x28 Src/MCAL/STK/STK_Program.o
 .debug_macro   0x0000000000001113       0x34 Src/MCAL/STK/STK_Program.o
 .debug_macro   0x0000000000001147       0xe1 Src/main.o
 .debug_macro   0x0000000000001228      0x1f6 Src/main.o
 .debug_macro   0x000000000000141e       0x2e Src/main.o

.debug_line     0x0000000000000000      0xd0c
 .debug_line    0x0000000000000000      0x176 Src/HAL/KEYPAD/KEYPAD.o
 .debug_line    0x0000000000000176      0x21b Src/HAL/LCD/LCD.o
 .debug_line    0x0000000000000391      0x10d Src/MCAL/EXTI/EXTI_Program.o
 .debug_line    0x000000000000049e      0x16e Src/MCAL/GPIO/GPIO_Porgran.o
 .debug_line    0x000000000000060c      0x122 Src/MCAL/RCC/RCC_Program.o
 .debug_line    0x000000000000072e      0x174 Src/MCAL/STK/STK_Program.o
 .debug_line    0x00000000000008a2      0x3e6 Src/main.o
 .debug_line    0x0000000000000c88       0x84 Startup/startup_stm32f401ccfx.o

.debug_str      0x0000000000000000     0x50e2
 .debug_str     0x0000000000000000     0x33af Src/HAL/KEYPAD/KEYPAD.o
                                       0x3422 (size before relaxing)
 .debug_str     0x00000000000033af      0x503 Src/HAL/LCD/LCD.o
                                       0x37bb (size before relaxing)
 .debug_str     0x00000000000038b2      0x592 Src/MCAL/EXTI/EXTI_Program.o
                                       0x3415 (size before relaxing)
 .debug_str     0x0000000000003e44       0xac Src/MCAL/GPIO/GPIO_Porgran.o
                                       0x3364 (size before relaxing)
 .debug_str     0x0000000000003ef0      0xc65 Src/MCAL/RCC/RCC_Program.o
                                       0x3afb (size before relaxing)
 .debug_str     0x0000000000004b55      0x2f0 Src/MCAL/STK/STK_Program.o
                                       0x317e (size before relaxing)
 .debug_str     0x0000000000004e45      0x26c Src/main.o
                                       0x4224 (size before relaxing)
 .debug_str     0x00000000000050b1       0x31 Startup/startup_stm32f401ccfx.o
                                         0x6f (size before relaxing)

.comment        0x0000000000000000       0x7b
 .comment       0x0000000000000000       0x7b Src/HAL/KEYPAD/KEYPAD.o
                                         0x7c (size before relaxing)
 .comment       0x000000000000007b       0x7c Src/HAL/LCD/LCD.o
 .comment       0x000000000000007b       0x7c Src/MCAL/EXTI/EXTI_Program.o
 .comment       0x000000000000007b       0x7c Src/MCAL/GPIO/GPIO_Porgran.o
 .comment       0x000000000000007b       0x7c Src/MCAL/RCC/RCC_Program.o
 .comment       0x000000000000007b       0x7c Src/MCAL/STK/STK_Program.o
 .comment       0x000000000000007b       0x7c Src/main.o

.debug_frame    0x0000000000000000      0x5f0
 .debug_frame   0x0000000000000000       0x5c Src/HAL/KEYPAD/KEYPAD.o
 .debug_frame   0x000000000000005c      0x164 Src/HAL/LCD/LCD.o
 .debug_frame   0x00000000000001c0       0x98 Src/MCAL/EXTI/EXTI_Program.o
 .debug_frame   0x0000000000000258       0xd8 Src/MCAL/GPIO/GPIO_Porgran.o
 .debug_frame   0x0000000000000330       0x88 Src/MCAL/RCC/RCC_Program.o
 .debug_frame   0x00000000000003b8      0x16c Src/MCAL/STK/STK_Program.o
 .debug_frame   0x0000000000000524       0xa0 Src/main.o
 .debug_frame   0x00000000000005c4       0x2c c:/st/stm32cubeide_1.4.0/stm32cubeide/plugins/com.st.stm32cube.ide.mcu.externaltools.gnu-tools-for-stm32.7-2018-q2-update.win32_1.4.0.202007081208/tools/bin/../lib/gcc/arm-none-eabi/7.3.1/../../../../arm-none-eabi/lib/thumb/v7e-m/fpv4-sp/hard\libc_nano.a(lib_a-init.o)
